<?xml version="1.0" encoding="utf-8"?><testsuites name="pytest tests"><testsuite name="pytest" errors="0" failures="0" skipped="0" tests="20" time="0.106" timestamp="2026-07-26T14:41:16.902742+01:00" hostname="archlinux"><testcase classname="tests.test_fixtures.TestParserFixtures" name="test_parse_nmap_xml" time="0.001" /><testcase classname="tests.test_fixtures.TestParserFixtures" name="test_parse_naabu_json" time="0.001" /><testcase classname="tests.test_fixtures.TestParserFixtures" name="test_parse_httpx_json" time="0.001" /><testcase classname="tests.test_fixtures.TestParserFixtures" name="test_parse_line" time="0.001" /><testcase classname="tests.test_fixtures.TestParserFixtures" name="test_malformed_json" time="0.001" /><testcase classname="tests.test_fixtures.TestParserFixtures" name="test_missing_port" time="0.001" /><testcase classname="tests.test_fixtures.TestScopeFixtures" name="test_cidr_allow" time="0.001" /><testcase classname="tests.test_fixtures.TestScopeFixtures" name="test_cidr_deny" time="0.001" /><testcase classname="tests.test_fixtures.TestScopeFixtures" name="test_hostname_deny" time="0.001" /><testcase classname="tests.test_fixtures.TestScopeFixtures" name="test_port_deny" time="0.001" /><testcase classname="tests.test_fixtures.TestWildcardFixtures" name="test_dns_wildcard_suppress" time="0.001" /><testcase classname="tests.test_fixtures.TestWildcardFixtures" name="test_dns_wildcard_retain" time="0.001" /><testcase classname="tests.test_fixtures.TestWildcardFixtures" name="test_vhost_baseline_suppress" time="0.000" /><testcase classname="tests.test_fixtures.TestWildcardFixtures" name="test_vhost_baseline_retain" time="0.000" /><testcase classname="tests.test_fixtures.TestResumeFixtures" name="test_resume_next_phase" time="0.003" /><testcase classname="tests.test_fixtures.TestResumeFixtures" name="test_resume_all_done" time="0.004" /><testcase classname="tests.test_fixtures.TestDedupeFixtures" name="test_dedupe_same_record" time="0.000" /><testcase classname="tests.test_fixtures.TestDedupeFixtures" name="test_dedupe_different_transport" time="0.001" /><testcase classname="tests.test_fixtures.TestFailureFixtures" name="test_tool_exit_fallback" time="0.001" /><testcase classname="tests.test_fixtures.TestFailureFixtures" name="test_tool_exit_no_fallback" time="0.001" /></testsuite></testsuites>